[backblue.gif]
[fade.gif]
[index.html]
[netdna.bootstrapcdn.com/font-awesome/4.0.3/css/font-awesome.css]
[cdnjs.cloudflare.com/ajax/libs/fancybox/2.1.5/jquery.fancybox.min.css]
[milktoken.finance/images/icon.ico]
[milktoken.finance/images/loading.gif]
[milktoken.finance/images/logo.png]
[milktoken.finance/images/menu_icon.png]
[milktoken.finance/images/img2.png]
[milktoken.finance/images/about_img.jpg]
[milktoken.finance/images/work_img.jpg]
[milktoken.finance/js/jquery.min.js]
[milktoken.finance/js/popper.min.js]
[milktoken.finance/js/bootstrap.bundle.min.js]
[milktoken.finance/js/jquery-3.0.0.min.js]
[milktoken.finance/js/jquery.mCustomScrollbar.concat.min.js]
[milktoken.finance/js/custom.js]
[milktoken.finance/index.html]
[milktoken.finance/css/bootstrap.min.css]
[milktoken.finance/images/cross_top.png]
[milktoken.finance/css/style.css]
[milktoken.finance/css/responsive.css]
[milktoken.finance/images/fevicon.html]
[milktoken.finance/css/jquery.mCustomScrollbar.min.css]
[netdna.bootstrapcdn.com/font-awesome/4.0.3/css/font-awesome.css]
[cdnjs.cloudflare.com/ajax/libs/fancybox/2.1.5/fancybox_sprite.png]
[cdnjs.cloudflare.com/ajax/libs/fancybox/2.1.5/fancybox_loading.gif]
[cdnjs.cloudflare.com/ajax/libs/fancybox/2.1.5/blank.gif]
[cdnjs.cloudflare.com/ajax/libs/fancybox/2.1.5/fancybox_overlay.png]
[cdnjs.cloudflare.com/ajax/libs/fancybox/2.1.5/fancybox_sprite@2x.png]
[cdnjs.cloudflare.com/ajax/libs/fancybox/2.1.5/jquery.fancybox.min.css]
[milktoken.finance/index-2.html]
[milktoken.finance/images/maps-and-flags.html]
[milktoken.finance/css/animate.min.css]
[milktoken.finance/css/normalize.css]
[milktoken.finance/fonts/IcoMoon-Free.ttf]
[milktoken.finance/css/icomoon.css]
[cdnjs.cloudflare.com/ajax/libs/fancybox/2.1.5/fancybox_loading@2x.gif]
[milktoken.finance/fonts/fontawesome-webfont3e6e.eot]
[milktoken.finance/fonts/fontawesome-webfontd41d.eot]
[milktoken.finance/fonts/fontawesome-webfont3e6e.woff2]
[milktoken.finance/fonts/fontawesome-webfont3e6e.woff]
[milktoken.finance/fonts/fontawesome-webfont3e6e.ttf]
[milktoken.finance/css/font-awesome.min.css]
[milktoken.finance/css/meanmenu.css]
[milktoken.finance/css/owl.carousel.min.css]
[milktoken.finance/css/swiper.min.html]
[milktoken.finance/css/slick.css]
[milktoken.finance/css/jquery.fancybox.min.css]
[milktoken.finance/css/jquery-ui.css]
[milktoken.finance/css/nice-select.css]
[milktoken.finance/images/why.html]
[milktoken.finance/css/mCSB_buttons.html]
[milktoken.finance/fonts/fontawesome-webfont3e6e.svg]
[milktoken.finance/css/owl.video.play.html]
[milktoken.finance/css/images/ui-icons_444444_256x240.html]
[milktoken.finance/css/images/ui-icons_555555_256x240.html]
[milktoken.finance/css/images/ui-icons_ffffff_256x240.html]
[milktoken.finance/css/images/ui-icons_777620_256x240.html]
[milktoken.finance/css/images/ui-icons_cc0000_256x240.html]
[milktoken.finance/css/images/ui-icons_777777_256x240.html]
